// Jest Snapshot v1, https://goo.gl/fbAQLP

exports[`<Link /> Should render correctly 1`] = `
<Link
  href="/path"
>
  <a
    className="root"
    href="/path"
  >
    title
  </a>
</Link>
`;
