// Jest Snapshot v1, https://goo.gl/fbAQLP

exports[`<Header> Should render correctly 1`] = `
<header
  className="root"
>
  <Link
    className="logo"
    to="/"
  >
    <Logo />
  </Link>
  <Memo(Navigation)
    items={
      Array [
        Object {
          "href": "",
          "title": "",
        },
      ]
    }
  />
</header>
`;
