// Jest Snapshot v1, https://goo.gl/fbAQLP

exports[`<Footer> Should render correctly 1`] = `
<footer
  className="root"
>
  Footer
</footer>
`;
